[31m[Nest] 79260  - [39m08/15/2026, 2:21:46 PM [31m  ERROR[39m [38;5;3m[NestApplication] [39m[31mError: listen EADDRINUSE: address already in use :::3000[39m[38;5;3m +9ms[39m
node:net:1948
    const ex = new UVExceptionWithHostPort(err, 'listen', address, port);
               ^

Error: listen EADDRINUSE: address already in use :::3000
    at Server.setupListenHandle [as _listen2] (node:net:1948:16)
    at listenInCluster (node:net:2005:12)
    at Server.listen (node:net:2110:7)
    at ExpressAdapter.listen (D:\SalesManagement\node_modules\@nestjs\platform-express\adapters\express-adapter.js:115:32)
    at D:\SalesManagement\node_modules\@nestjs\core\nest-application.js:190:30
    at new Promise (<anonymous>)
    at NestApplication.listen (D:\SalesManagement\node_modules\@nestjs\core\nest-application.js:180:16)
    at async bootstrap (D:\SalesManagement\src\main.ts:20:3) {
  code: 'EADDRINUSE',
  errno: -4091,
  syscall: 'listen',
  address: '::',
  port: 3000
}

Node.js v24.14.0
